// Jest Snapshot v1, https://goo.gl/fbAQLP

exports[`Pagination component renders correctly with totalLinks greater than 0 1`] = `
<div>
  <nav
    class="pagination-navigation"
  >
    <button
      class="previous-button"
      data-testid="previous-button"
      disabled=""
    />
    <button
      class="dot-button is-active"
    >
      1
    </button>
    <button
      class="dot-button "
    >
      2
    </button>
    <button
      class="dot-button "
    >
      3
    </button>
    <button
      class="next-button"
      data-testid="next-button"
    />
  </nav>
</div>
`;
